Archive member included to satisfy reference by file (symbol)

.pio\build\genericSTM32F303CB\lib9bc\libesc.a(control.o)
                              .pio\build\genericSTM32F303CB\src\interrupt_handlers.o (FOC_update())
.pio\build\genericSTM32F303CB\lib9bc\libesc.a(initializations.o)
                              .pio\build\genericSTM32F303CB\src\main.o (enableSystemClock())
c:/users/ryanf/.platformio/packages/toolchain-gccarmnoneeabi/bin/../lib/gcc/arm-none-eabi/7.2.1/thumb/v7e-m\libgcc.a(_arm_addsubsf3.o)
                              .pio\build\genericSTM32F303CB\src\interrupt_handlers.o (__aeabi_fsub)
c:/users/ryanf/.platformio/packages/toolchain-gccarmnoneeabi/bin/../lib/gcc/arm-none-eabi/7.2.1/thumb/v7e-m\libgcc.a(_arm_muldivsf3.o)
                              .pio\build\genericSTM32F303CB\src\interrupt_handlers.o (__aeabi_fmul)
c:/users/ryanf/.platformio/packages/toolchain-gccarmnoneeabi/bin/../lib/gcc/arm-none-eabi/7.2.1/thumb/v7e-m\libgcc.a(_arm_fixsfsi.o)
                              .pio\build\genericSTM32F303CB\lib9bc\libesc.a(control.o) (__aeabi_f2iz)
c:/users/ryanf/.platformio/packages/toolchain-gccarmnoneeabi/bin/../lib/gcc/arm-none-eabi/7.2.1/thumb/v7e-m\libgcc.a(_arm_fixunssfsi.o)
                              .pio\build\genericSTM32F303CB\src\interrupt_handlers.o (__aeabi_f2uiz)
c:/users/ryanf/.platformio/packages/toolchain-gccarmnoneeabi/bin/../lib/gcc/arm-none-eabi/7.2.1/../../../../arm-none-eabi/lib/thumb/v7e-m\libc_nano.a(lib_a-exit.o)
                              c:/users/ryanf/.platformio/packages/toolchain-gccarmnoneeabi/bin/../lib/gcc/arm-none-eabi/7.2.1/../../../../arm-none-eabi/lib/thumb/v7e-m/crt0.o (exit)
c:/users/ryanf/.platformio/packages/toolchain-gccarmnoneeabi/bin/../lib/gcc/arm-none-eabi/7.2.1/../../../../arm-none-eabi/lib/thumb/v7e-m\libc_nano.a(lib_a-impure.o)
                              c:/users/ryanf/.platformio/packages/toolchain-gccarmnoneeabi/bin/../lib/gcc/arm-none-eabi/7.2.1/../../../../arm-none-eabi/lib/thumb/v7e-m\libc_nano.a(lib_a-exit.o) (_global_impure_ptr)
c:/users/ryanf/.platformio/packages/toolchain-gccarmnoneeabi/bin/../lib/gcc/arm-none-eabi/7.2.1/../../../../arm-none-eabi/lib/thumb/v7e-m\libc_nano.a(lib_a-init.o)
                              c:/users/ryanf/.platformio/packages/toolchain-gccarmnoneeabi/bin/../lib/gcc/arm-none-eabi/7.2.1/../../../../arm-none-eabi/lib/thumb/v7e-m/crt0.o (__libc_init_array)
c:/users/ryanf/.platformio/packages/toolchain-gccarmnoneeabi/bin/../lib/gcc/arm-none-eabi/7.2.1/../../../../arm-none-eabi/lib/thumb/v7e-m\libc_nano.a(lib_a-memset.o)
                              c:/users/ryanf/.platformio/packages/toolchain-gccarmnoneeabi/bin/../lib/gcc/arm-none-eabi/7.2.1/../../../../arm-none-eabi/lib/thumb/v7e-m/crt0.o (memset)
c:/users/ryanf/.platformio/packages/toolchain-gccarmnoneeabi/bin/../lib/gcc/arm-none-eabi/7.2.1/../../../../arm-none-eabi/lib/thumb/v7e-m\libnosys.a(_exit.o)
                              c:/users/ryanf/.platformio/packages/toolchain-gccarmnoneeabi/bin/../lib/gcc/arm-none-eabi/7.2.1/../../../../arm-none-eabi/lib/thumb/v7e-m\libc_nano.a(lib_a-exit.o) (_exit)

Discarded input sections

 .text          0x00000000        0x0 c:/users/ryanf/.platformio/packages/toolchain-gccarmnoneeabi/bin/../lib/gcc/arm-none-eabi/7.2.1/thumb/v7e-m/crti.o
 .data          0x00000000        0x0 c:/users/ryanf/.platformio/packages/toolchain-gccarmnoneeabi/bin/../lib/gcc/arm-none-eabi/7.2.1/thumb/v7e-m/crti.o
 .bss           0x00000000        0x0 c:/users/ryanf/.platformio/packages/toolchain-gccarmnoneeabi/bin/../lib/gcc/arm-none-eabi/7.2.1/thumb/v7e-m/crti.o
 .data          0x00000000        0x4 c:/users/ryanf/.platformio/packages/toolchain-gccarmnoneeabi/bin/../lib/gcc/arm-none-eabi/7.2.1/thumb/v7e-m/crtbegin.o
 .text          0x00000000       0x74 c:/users/ryanf/.platformio/packages/toolchain-gccarmnoneeabi/bin/../lib/gcc/arm-none-eabi/7.2.1/../../../../arm-none-eabi/lib/thumb/v7e-m/crt0.o
 .data          0x00000000        0x0 c:/users/ryanf/.platformio/packages/toolchain-gccarmnoneeabi/bin/../lib/gcc/arm-none-eabi/7.2.1/../../../../arm-none-eabi/lib/thumb/v7e-m/crt0.o
 .bss           0x00000000        0x0 c:/users/ryanf/.platformio/packages/toolchain-gccarmnoneeabi/bin/../lib/gcc/arm-none-eabi/7.2.1/../../../../arm-none-eabi/lib/thumb/v7e-m/crt0.o
 .ARM.extab     0x00000000        0x0 c:/users/ryanf/.platformio/packages/toolchain-gccarmnoneeabi/bin/../lib/gcc/arm-none-eabi/7.2.1/../../../../arm-none-eabi/lib/thumb/v7e-m/crt0.o
 .ARM.exidx     0x00000000        0x8 c:/users/ryanf/.platformio/packages/toolchain-gccarmnoneeabi/bin/../lib/gcc/arm-none-eabi/7.2.1/../../../../arm-none-eabi/lib/thumb/v7e-m/crt0.o
 .ARM.attributes
                0x00000000       0x1c c:/users/ryanf/.platformio/packages/toolchain-gccarmnoneeabi/bin/../lib/gcc/arm-none-eabi/7.2.1/../../../../arm-none-eabi/lib/thumb/v7e-m/crt0.o
 .text          0x00000000       0x14 .pio\build\genericSTM32F303CB\FrameworkCMSIS\gcc\startup_stm32f303xc.o
 .data          0x00000000        0x0 .pio\build\genericSTM32F303CB\FrameworkCMSIS\gcc\startup_stm32f303xc.o
 .bss           0x00000000        0x0 .pio\build\genericSTM32F303CB\FrameworkCMSIS\gcc\startup_stm32f303xc.o
 .text          0x00000000        0x0 .pio\build\genericSTM32F303CB\FrameworkCMSIS\system_stm32f3xx.o
 .data          0x00000000        0x0 .pio\build\genericSTM32F303CB\FrameworkCMSIS\system_stm32f3xx.o
 .bss           0x00000000        0x0 .pio\build\genericSTM32F303CB\FrameworkCMSIS\system_stm32f3xx.o
 .text.SystemCoreClockUpdate
                0x00000000       0x64 .pio\build\genericSTM32F303CB\FrameworkCMSIS\system_stm32f3xx.o
 .data.SystemCoreClock
                0x00000000        0x4 .pio\build\genericSTM32F303CB\FrameworkCMSIS\system_stm32f3xx.o
 .rodata.AHBPrescTable
                0x00000000       0x10 .pio\build\genericSTM32F303CB\FrameworkCMSIS\system_stm32f3xx.o
 .rodata.APBPrescTable
                0x00000000        0x8 .pio\build\genericSTM32F303CB\FrameworkCMSIS\system_stm32f3xx.o
 .text          0x00000000        0x0 .pio\build\genericSTM32F303CB\src\interrupt_handlers.o
 .data          0x00000000        0x0 .pio\build\genericSTM32F303CB\src\interrupt_handlers.o
 .bss           0x00000000        0x0 .pio\build\genericSTM32F303CB\src\interrupt_handlers.o
 .text          0x00000000        0x0 .pio\build\genericSTM32F303CB\src\main.o
 .data          0x00000000        0x0 .pio\build\genericSTM32F303CB\src\main.o
 .bss           0x00000000        0x0 .pio\build\genericSTM32F303CB\src\main.o
 .text          0x00000000        0x0 .pio\build\genericSTM32F303CB\lib9bc\libesc.a(control.o)
 .data          0x00000000        0x0 .pio\build\genericSTM32F303CB\lib9bc\libesc.a(control.o)
 .bss           0x00000000        0x0 .pio\build\genericSTM32F303CB\lib9bc\libesc.a(control.o)
 .bss.Iq_setpoint
                0x00000000        0x4 .pio\build\genericSTM32F303CB\lib9bc\libesc.a(control.o)
 .bss.align_time
                0x00000000        0x4 .pio\build\genericSTM32F303CB\lib9bc\libesc.a(control.o)
 .bss.jerk      0x00000000        0x4 .pio\build\genericSTM32F303CB\lib9bc\libesc.a(control.o)
 .bss.motorState
                0x00000000        0x1 .pio\build\genericSTM32F303CB\lib9bc\libesc.a(control.o)
 .bss.prevTime  0x00000000        0x4 .pio\build\genericSTM32F303CB\lib9bc\libesc.a(control.o)
 .bss.profile   0x00000000        0x8 .pio\build\genericSTM32F303CB\lib9bc\libesc.a(control.o)
 .bss.targetProfile
                0x00000000        0x8 .pio\build\genericSTM32F303CB\lib9bc\libesc.a(control.o)
 .bss.throttle  0x00000000        0x4 .pio\build\genericSTM32F303CB\lib9bc\libesc.a(control.o)
 .text          0x00000000        0x0 .pio\build\genericSTM32F303CB\lib9bc\libesc.a(initializations.o)
 .data          0x00000000        0x0 .pio\build\genericSTM32F303CB\lib9bc\libesc.a(initializations.o)
 .bss           0x00000000        0x0 .pio\build\genericSTM32F303CB\lib9bc\libesc.a(initializations.o)
 .text._Z14configureDShotv
                0x00000000       0x1e .pio\build\genericSTM32F303CB\lib9bc\libesc.a(initializations.o)
 .data          0x00000000        0x0 c:/users/ryanf/.platformio/packages/toolchain-gccarmnoneeabi/bin/../lib/gcc/arm-none-eabi/7.2.1/thumb/v7e-m\libgcc.a(_arm_addsubsf3.o)
 .bss           0x00000000        0x0 c:/users/ryanf/.platformio/packages/toolchain-gccarmnoneeabi/bin/../lib/gcc/arm-none-eabi/7.2.1/thumb/v7e-m\libgcc.a(_arm_addsubsf3.o)
 .data          0x00000000        0x0 c:/users/ryanf/.platformio/packages/toolchain-gccarmnoneeabi/bin/../lib/gcc/arm-none-eabi/7.2.1/thumb/v7e-m\libgcc.a(_arm_muldivsf3.o)
 .bss           0x00000000        0x0 c:/users/ryanf/.platformio/packages/toolchain-gccarmnoneeabi/bin/../lib/gcc/arm-none-eabi/7.2.1/thumb/v7e-m\libgcc.a(_arm_muldivsf3.o)
 .data          0x00000000        0x0 c:/users/ryanf/.platformio/packages/toolchain-gccarmnoneeabi/bin/../lib/gcc/arm-none-eabi/7.2.1/thumb/v7e-m\libgcc.a(_arm_fixsfsi.o)
 .bss           0x00000000        0x0 c:/users/ryanf/.platformio/packages/toolchain-gccarmnoneeabi/bin/../lib/gcc/arm-none-eabi/7.2.1/thumb/v7e-m\libgcc.a(_arm_fixsfsi.o)
 .data          0x00000000        0x0 c:/users/ryanf/.platformio/packages/toolchain-gccarmnoneeabi/bin/../lib/gcc/arm-none-eabi/7.2.1/thumb/v7e-m\libgcc.a(_arm_fixunssfsi.o)
 .bss           0x00000000        0x0 c:/users/ryanf/.platformio/packages/toolchain-gccarmnoneeabi/bin/../lib/gcc/arm-none-eabi/7.2.1/thumb/v7e-m\libgcc.a(_arm_fixunssfsi.o)
 .text          0x00000000        0x0 c:/users/ryanf/.platformio/packages/toolchain-gccarmnoneeabi/bin/../lib/gcc/arm-none-eabi/7.2.1/../../../../arm-none-eabi/lib/thumb/v7e-m\libc_nano.a(lib_a-exit.o)
 .data          0x00000000        0x0 c:/users/ryanf/.platformio/packages/toolchain-gccarmnoneeabi/bin/../lib/gcc/arm-none-eabi/7.2.1/../../../../arm-none-eabi/lib/thumb/v7e-m\libc_nano.a(lib_a-exit.o)
 .bss           0x00000000        0x0 c:/users/ryanf/.platformio/packages/toolchain-gccarmnoneeabi/bin/../lib/gcc/arm-none-eabi/7.2.1/../../../../arm-none-eabi/lib/thumb/v7e-m\libc_nano.a(lib_a-exit.o)
 .text.exit     0x00000000       0x28 c:/users/ryanf/.platformio/packages/toolchain-gccarmnoneeabi/bin/../lib/gcc/arm-none-eabi/7.2.1/../../../../arm-none-eabi/lib/thumb/v7e-m\libc_nano.a(lib_a-exit.o)
 .debug_frame   0x00000000       0x28 c:/users/ryanf/.platformio/packages/toolchain-gccarmnoneeabi/bin/../lib/gcc/arm-none-eabi/7.2.1/../../../../arm-none-eabi/lib/thumb/v7e-m\libc_nano.a(lib_a-exit.o)
 .ARM.attributes
                0x00000000       0x2e c:/users/ryanf/.platformio/packages/toolchain-gccarmnoneeabi/bin/../lib/gcc/arm-none-eabi/7.2.1/../../../../arm-none-eabi/lib/thumb/v7e-m\libc_nano.a(lib_a-exit.o)
 .text          0x00000000        0x0 c:/users/ryanf/.platformio/packages/toolchain-gccarmnoneeabi/bin/../lib/gcc/arm-none-eabi/7.2.1/../../../../arm-none-eabi/lib/thumb/v7e-m\libc_nano.a(lib_a-impure.o)
 .data          0x00000000        0x0 c:/users/ryanf/.platformio/packages/toolchain-gccarmnoneeabi/bin/../lib/gcc/arm-none-eabi/7.2.1/../../../../arm-none-eabi/lib/thumb/v7e-m\libc_nano.a(lib_a-impure.o)
 .bss           0x00000000        0x0 c:/users/ryanf/.platformio/packages/toolchain-gccarmnoneeabi/bin/../lib/gcc/arm-none-eabi/7.2.1/../../../../arm-none-eabi/lib/thumb/v7e-m\libc_nano.a(lib_a-impure.o)
 .data._impure_ptr
                0x00000000        0x4 c:/users/ryanf/.platformio/packages/toolchain-gccarmnoneeabi/bin/../lib/gcc/arm-none-eabi/7.2.1/../../../../arm-none-eabi/lib/thumb/v7e-m\libc_nano.a(lib_a-impure.o)
 .data.impure_data
                0x00000000       0x60 c:/users/ryanf/.platformio/packages/toolchain-gccarmnoneeabi/bin/../lib/gcc/arm-none-eabi/7.2.1/../../../../arm-none-eabi/lib/thumb/v7e-m\libc_nano.a(lib_a-impure.o)
 .rodata._global_impure_ptr
                0x00000000        0x4 c:/users/ryanf/.platformio/packages/toolchain-gccarmnoneeabi/bin/../lib/gcc/arm-none-eabi/7.2.1/../../../../arm-none-eabi/lib/thumb/v7e-m\libc_nano.a(lib_a-impure.o)
 .ARM.attributes
                0x00000000       0x2e c:/users/ryanf/.platformio/packages/toolchain-gccarmnoneeabi/bin/../lib/gcc/arm-none-eabi/7.2.1/../../../../arm-none-eabi/lib/thumb/v7e-m\libc_nano.a(lib_a-impure.o)
 .text          0x00000000        0x0 c:/users/ryanf/.platformio/packages/toolchain-gccarmnoneeabi/bin/../lib/gcc/arm-none-eabi/7.2.1/../../../../arm-none-eabi/lib/thumb/v7e-m\libc_nano.a(lib_a-init.o)
 .data          0x00000000        0x0 c:/users/ryanf/.platformio/packages/toolchain-gccarmnoneeabi/bin/../lib/gcc/arm-none-eabi/7.2.1/../../../../arm-none-eabi/lib/thumb/v7e-m\libc_nano.a(lib_a-init.o)
 .bss           0x00000000        0x0 c:/users/ryanf/.platformio/packages/toolchain-gccarmnoneeabi/bin/../lib/gcc/arm-none-eabi/7.2.1/../../../../arm-none-eabi/lib/thumb/v7e-m\libc_nano.a(lib_a-init.o)
 .text          0x00000000        0x0 c:/users/ryanf/.platformio/packages/toolchain-gccarmnoneeabi/bin/../lib/gcc/arm-none-eabi/7.2.1/../../../../arm-none-eabi/lib/thumb/v7e-m\libc_nano.a(lib_a-memset.o)
 .data          0x00000000        0x0 c:/users/ryanf/.platformio/packages/toolchain-gccarmnoneeabi/bin/../lib/gcc/arm-none-eabi/7.2.1/../../../../arm-none-eabi/lib/thumb/v7e-m\libc_nano.a(lib_a-memset.o)
 .bss           0x00000000        0x0 c:/users/ryanf/.platformio/packages/toolchain-gccarmnoneeabi/bin/../lib/gcc/arm-none-eabi/7.2.1/../../../../arm-none-eabi/lib/thumb/v7e-m\libc_nano.a(lib_a-memset.o)
 .text.memset   0x00000000       0x10 c:/users/ryanf/.platformio/packages/toolchain-gccarmnoneeabi/bin/../lib/gcc/arm-none-eabi/7.2.1/../../../../arm-none-eabi/lib/thumb/v7e-m\libc_nano.a(lib_a-memset.o)
 .debug_frame   0x00000000       0x20 c:/users/ryanf/.platformio/packages/toolchain-gccarmnoneeabi/bin/../lib/gcc/arm-none-eabi/7.2.1/../../../../arm-none-eabi/lib/thumb/v7e-m\libc_nano.a(lib_a-memset.o)
 .ARM.attributes
                0x00000000       0x2e c:/users/ryanf/.platformio/packages/toolchain-gccarmnoneeabi/bin/../lib/gcc/arm-none-eabi/7.2.1/../../../../arm-none-eabi/lib/thumb/v7e-m\libc_nano.a(lib_a-memset.o)
 .text          0x00000000        0x0 c:/users/ryanf/.platformio/packages/toolchain-gccarmnoneeabi/bin/../lib/gcc/arm-none-eabi/7.2.1/../../../../arm-none-eabi/lib/thumb/v7e-m\libnosys.a(_exit.o)
 .data          0x00000000        0x0 c:/users/ryanf/.platformio/packages/toolchain-gccarmnoneeabi/bin/../lib/gcc/arm-none-eabi/7.2.1/../../../../arm-none-eabi/lib/thumb/v7e-m\libnosys.a(_exit.o)
 .bss           0x00000000        0x0 c:/users/ryanf/.platformio/packages/toolchain-gccarmnoneeabi/bin/../lib/gcc/arm-none-eabi/7.2.1/../../../../arm-none-eabi/lib/thumb/v7e-m\libnosys.a(_exit.o)
 .text._exit    0x00000000        0x4 c:/users/ryanf/.platformio/packages/toolchain-gccarmnoneeabi/bin/../lib/gcc/arm-none-eabi/7.2.1/../../../../arm-none-eabi/lib/thumb/v7e-m\libnosys.a(_exit.o)
 .debug_frame   0x00000000       0x20 c:/users/ryanf/.platformio/packages/toolchain-gccarmnoneeabi/bin/../lib/gcc/arm-none-eabi/7.2.1/../../../../arm-none-eabi/lib/thumb/v7e-m\libnosys.a(_exit.o)
 .ARM.attributes
                0x00000000       0x2e c:/users/ryanf/.platformio/packages/toolchain-gccarmnoneeabi/bin/../lib/gcc/arm-none-eabi/7.2.1/../../../../arm-none-eabi/lib/thumb/v7e-m\libnosys.a(_exit.o)
 .text          0x00000000        0x0 c:/users/ryanf/.platformio/packages/toolchain-gccarmnoneeabi/bin/../lib/gcc/arm-none-eabi/7.2.1/thumb/v7e-m/crtend.o
 .data          0x00000000        0x0 c:/users/ryanf/.platformio/packages/toolchain-gccarmnoneeabi/bin/../lib/gcc/arm-none-eabi/7.2.1/thumb/v7e-m/crtend.o
 .bss           0x00000000        0x0 c:/users/ryanf/.platformio/packages/toolchain-gccarmnoneeabi/bin/../lib/gcc/arm-none-eabi/7.2.1/thumb/v7e-m/crtend.o
 .eh_frame      0x00000000        0x4 c:/users/ryanf/.platformio/packages/toolchain-gccarmnoneeabi/bin/../lib/gcc/arm-none-eabi/7.2.1/thumb/v7e-m/crtend.o
 .ARM.attributes
                0x00000000       0x2e c:/users/ryanf/.platformio/packages/toolchain-gccarmnoneeabi/bin/../lib/gcc/arm-none-eabi/7.2.1/thumb/v7e-m/crtend.o
 .text          0x00000000        0x0 c:/users/ryanf/.platformio/packages/toolchain-gccarmnoneeabi/bin/../lib/gcc/arm-none-eabi/7.2.1/thumb/v7e-m/crtn.o
 .data          0x00000000        0x0 c:/users/ryanf/.platformio/packages/toolchain-gccarmnoneeabi/bin/../lib/gcc/arm-none-eabi/7.2.1/thumb/v7e-m/crtn.o
 .bss           0x00000000        0x0 c:/users/ryanf/.platformio/packages/toolchain-gccarmnoneeabi/bin/../lib/gcc/arm-none-eabi/7.2.1/thumb/v7e-m/crtn.o

Memory Configuration

Name             Origin             Length             Attributes
CCMRAM           0x10000000         0x00002000         xrw
RAM              0x20000000         0x00008000         xrw
FLASH            0x08000000         0x00020000         xr
*default*        0x00000000         0xffffffff

Linker script and memory map

LOAD c:/users/ryanf/.platformio/packages/toolchain-gccarmnoneeabi/bin/../lib/gcc/arm-none-eabi/7.2.1/thumb/v7e-m/crti.o
LOAD c:/users/ryanf/.platformio/packages/toolchain-gccarmnoneeabi/bin/../lib/gcc/arm-none-eabi/7.2.1/thumb/v7e-m/crtbegin.o
LOAD c:/users/ryanf/.platformio/packages/toolchain-gccarmnoneeabi/bin/../lib/gcc/arm-none-eabi/7.2.1/../../../../arm-none-eabi/lib/thumb/v7e-m/crt0.o
LOAD .pio\build\genericSTM32F303CB\FrameworkCMSIS\gcc\startup_stm32f303xc.o
LOAD .pio\build\genericSTM32F303CB\FrameworkCMSIS\system_stm32f3xx.o
LOAD .pio\build\genericSTM32F303CB\src\interrupt_handlers.o
LOAD .pio\build\genericSTM32F303CB\src\main.o
START GROUP
LOAD .pio\build\genericSTM32F303CB\lib9bc\libesc.a
LOAD c:/users/ryanf/.platformio/packages/toolchain-gccarmnoneeabi/bin/../lib/gcc/arm-none-eabi/7.2.1/thumb/v7e-m\libgcc.a
LOAD c:/users/ryanf/.platformio/packages/toolchain-gccarmnoneeabi/bin/../lib/gcc/arm-none-eabi/7.2.1/../../../../arm-none-eabi/lib/thumb/v7e-m\libstdc++_nano.a
END GROUP
LOAD c:/users/ryanf/.platformio/packages/toolchain-gccarmnoneeabi/bin/../lib/gcc/arm-none-eabi/7.2.1/../../../../arm-none-eabi/lib/thumb/v7e-m\libstdc++_nano.a
LOAD c:/users/ryanf/.platformio/packages/toolchain-gccarmnoneeabi/bin/../lib/gcc/arm-none-eabi/7.2.1/../../../../arm-none-eabi/lib/thumb/v7e-m\libm.a
LOAD c:/users/ryanf/.platformio/packages/toolchain-gccarmnoneeabi/bin/../lib/gcc/arm-none-eabi/7.2.1/../../../../arm-none-eabi/lib/thumb/v7e-m\libc_nano.a
START GROUP
LOAD c:/users/ryanf/.platformio/packages/toolchain-gccarmnoneeabi/bin/../lib/gcc/arm-none-eabi/7.2.1/thumb/v7e-m\libgcc.a
LOAD c:/users/ryanf/.platformio/packages/toolchain-gccarmnoneeabi/bin/../lib/gcc/arm-none-eabi/7.2.1/../../../../arm-none-eabi/lib/thumb/v7e-m\libc_nano.a
END GROUP
START GROUP
LOAD c:/users/ryanf/.platformio/packages/toolchain-gccarmnoneeabi/bin/../lib/gcc/arm-none-eabi/7.2.1/thumb/v7e-m\libgcc.a
LOAD c:/users/ryanf/.platformio/packages/toolchain-gccarmnoneeabi/bin/../lib/gcc/arm-none-eabi/7.2.1/../../../../arm-none-eabi/lib/thumb/v7e-m\libc_nano.a
LOAD c:/users/ryanf/.platformio/packages/toolchain-gccarmnoneeabi/bin/../lib/gcc/arm-none-eabi/7.2.1/../../../../arm-none-eabi/lib/thumb/v7e-m\libnosys.a
END GROUP
START GROUP
LOAD c:/users/ryanf/.platformio/packages/toolchain-gccarmnoneeabi/bin/../lib/gcc/arm-none-eabi/7.2.1/thumb/v7e-m\libgcc.a
LOAD c:/users/ryanf/.platformio/packages/toolchain-gccarmnoneeabi/bin/../lib/gcc/arm-none-eabi/7.2.1/../../../../arm-none-eabi/lib/thumb/v7e-m\libc_nano.a
LOAD c:/users/ryanf/.platformio/packages/toolchain-gccarmnoneeabi/bin/../lib/gcc/arm-none-eabi/7.2.1/../../../../arm-none-eabi/lib/thumb/v7e-m\libnosys.a
END GROUP
LOAD c:/users/ryanf/.platformio/packages/toolchain-gccarmnoneeabi/bin/../lib/gcc/arm-none-eabi/7.2.1/thumb/v7e-m/crtend.o
LOAD c:/users/ryanf/.platformio/packages/toolchain-gccarmnoneeabi/bin/../lib/gcc/arm-none-eabi/7.2.1/thumb/v7e-m/crtn.o
                0x20008000                _estack = (ORIGIN (RAM) + LENGTH (RAM))
                0x00000200                _Min_Heap_Size = 0x200
                0x00000400                _Min_Stack_Size = 0x400

.isr_vector     0x08000000      0x188
                0x08000000                . = ALIGN (0x4)
 *(.isr_vector)
 .isr_vector    0x08000000      0x188 .pio\build\genericSTM32F303CB\FrameworkCMSIS\gcc\startup_stm32f303xc.o
                0x08000000                g_pfnVectors
                0x08000188                . = ALIGN (0x4)

.text           0x08000188      0xf80
                0x08000188                . = ALIGN (0x4)
 *(.text)
 .text          0x08000188       0x40 c:/users/ryanf/.platformio/packages/toolchain-gccarmnoneeabi/bin/../lib/gcc/arm-none-eabi/7.2.1/thumb/v7e-m/crtbegin.o
 .text          0x080001c8      0x21c c:/users/ryanf/.platformio/packages/toolchain-gccarmnoneeabi/bin/../lib/gcc/arm-none-eabi/7.2.1/thumb/v7e-m\libgcc.a(_arm_addsubsf3.o)
                0x080001c8                __aeabi_frsub
                0x080001d0                __subsf3
                0x080001d0                __aeabi_fsub
                0x080001d4                __aeabi_fadd
                0x080001d4                __addsf3
                0x08000334                __aeabi_ui2f
                0x08000334                __floatunsisf
                0x0800033c                __aeabi_i2f
                0x0800033c                __floatsisf
                0x08000358                __aeabi_ul2f
                0x08000358                __floatundisf
                0x08000368                __aeabi_l2f
                0x08000368                __floatdisf
 .text          0x080003e4      0x2a0 c:/users/ryanf/.platformio/packages/toolchain-gccarmnoneeabi/bin/../lib/gcc/arm-none-eabi/7.2.1/thumb/v7e-m\libgcc.a(_arm_muldivsf3.o)
                0x080003e4                __mulsf3
                0x080003e4                __aeabi_fmul
                0x0800054c                __aeabi_fdiv
                0x0800054c                __divsf3
 .text          0x08000684       0x4c c:/users/ryanf/.platformio/packages/toolchain-gccarmnoneeabi/bin/../lib/gcc/arm-none-eabi/7.2.1/thumb/v7e-m\libgcc.a(_arm_fixsfsi.o)
                0x08000684                __aeabi_f2iz
                0x08000684                __fixsfsi
 .text          0x080006d0       0x40 c:/users/ryanf/.platformio/packages/toolchain-gccarmnoneeabi/bin/../lib/gcc/arm-none-eabi/7.2.1/thumb/v7e-m\libgcc.a(_arm_fixunssfsi.o)
                0x080006d0                __fixunssfsi
                0x080006d0                __aeabi_f2uiz
 *(.text*)
 .text.Reset_Handler
                0x08000710       0x50 .pio\build\genericSTM32F303CB\FrameworkCMSIS\gcc\startup_stm32f303xc.o
                0x08000710                Reset_Handler
 .text.Default_Handler
                0x08000760        0x2 .pio\build\genericSTM32F303CB\FrameworkCMSIS\gcc\startup_stm32f303xc.o
                0x08000760                RTC_Alarm_IRQHandler
                0x08000760                TIM8_TRG_COM_IRQHandler
                0x08000760                TIM8_CC_IRQHandler
                0x08000760                DebugMon_Handler
                0x08000760                TIM1_CC_IRQHandler
                0x08000760                HardFault_Handler
                0x08000760                USB_HP_IRQHandler
                0x08000760                SysTick_Handler
                0x08000760                PVD_IRQHandler
                0x08000760                TAMP_STAMP_IRQHandler
                0x08000760                PendSV_Handler
                0x08000760                NMI_Handler
                0x08000760                EXTI3_IRQHandler
                0x08000760                USB_HP_CAN_TX_IRQHandler
                0x08000760                EXTI0_IRQHandler
                0x08000760                I2C2_EV_IRQHandler
                0x08000760                FPU_IRQHandler
                0x08000760                TIM1_UP_TIM16_IRQHandler
                0x08000760                UsageFault_Handler
                0x08000760                SPI1_IRQHandler
                0x08000760                CAN_SCE_IRQHandler
                0x08000760                TIM6_DAC_IRQHandler
                0x08000760                TIM8_UP_IRQHandler
                0x08000760                DMA2_Channel2_IRQHandler
                0x08000760                DMA1_Channel4_IRQHandler
                0x08000760                USART3_IRQHandler
                0x08000760                DMA1_Channel7_IRQHandler
                0x08000760                UART5_IRQHandler
                0x08000760                ADC3_IRQHandler
                0x08000760                TIM4_IRQHandler
                0x08000760                CAN_RX1_IRQHandler
                0x08000760                DMA2_Channel1_IRQHandler
                0x08000760                I2C1_EV_IRQHandler
                0x08000760                DMA1_Channel6_IRQHandler
                0x08000760                UART4_IRQHandler
                0x08000760                DMA2_Channel4_IRQHandler
                0x08000760                TIM3_IRQHandler
                0x08000760                RCC_IRQHandler
                0x08000760                DMA1_Channel1_IRQHandler
                0x08000760                Default_Handler
                0x08000760                USBWakeUp_RMP_IRQHandler
                0x08000760                EXTI15_10_IRQHandler
                0x08000760                TIM7_IRQHandler
                0x08000760                EXTI9_5_IRQHandler
                0x08000760                RTC_WKUP_IRQHandler
                0x08000760                SPI2_IRQHandler
                0x08000760                USB_LP_CAN_RX0_IRQHandler
                0x08000760                MemManage_Handler
                0x08000760                SVC_Handler
                0x08000760                DMA2_Channel5_IRQHandler
                0x08000760                DMA1_Channel5_IRQHandler
                0x08000760                USB_LP_IRQHandler
                0x08000760                EXTI4_IRQHandler
                0x08000760                TIM1_TRG_COM_TIM17_IRQHandler
                0x08000760                DMA1_Channel3_IRQHandler
                0x08000760                WWDG_IRQHandler
                0x08000760                TIM2_IRQHandler
                0x08000760                COMP7_IRQHandler
                0x08000760                COMP1_2_3_IRQHandler
                0x08000760                EXTI1_IRQHandler
                0x08000760                USART2_IRQHandler
                0x08000760                COMP4_5_6_IRQHandler
                0x08000760                I2C2_ER_IRQHandler
                0x08000760                DMA1_Channel2_IRQHandler
                0x08000760                TIM8_BRK_IRQHandler
                0x08000760                FLASH_IRQHandler
                0x08000760                BusFault_Handler
                0x08000760                USART1_IRQHandler
                0x08000760                SPI3_IRQHandler
                0x08000760                I2C1_ER_IRQHandler
                0x08000760                USBWakeUp_IRQHandler
                0x08000760                DMA2_Channel3_IRQHandler
                0x08000760                EXTI2_TSC_IRQHandler
                0x08000760                TIM1_BRK_TIM15_IRQHandler
 .text.SystemInit
                0x08000762        0x2 .pio\build\genericSTM32F303CB\FrameworkCMSIS\system_stm32f3xx.o
                0x08000762                SystemInit
 .text.ADC1_2_IRQHandler
                0x08000764       0x58 .pio\build\genericSTM32F303CB\src\interrupt_handlers.o
                0x08000764                ADC1_2_IRQHandler
 .text.ADC4_IRQHandler
                0x080007bc       0x90 .pio\build\genericSTM32F303CB\src\interrupt_handlers.o
                0x080007bc                ADC4_IRQHandler
 .text._Z7initESCv
                0x0800084c       0x26 .pio\build\genericSTM32F303CB\src\main.o
                0x0800084c                initESC()
 .text.startup.main
                0x08000872        0x8 .pio\build\genericSTM32F303CB\src\main.o
                0x08000872                main
 *fill*         0x0800087a        0x2 
 .text._Z10FOC_updatev
                0x0800087c      0x1cc .pio\build\genericSTM32F303CB\lib9bc\libesc.a(control.o)
                0x0800087c                FOC_update()
 .text.startup._GLOBAL__sub_I_motorState
                0x08000a48       0x5c .pio\build\genericSTM32F303CB\lib9bc\libesc.a(control.o)
 .text._Z17enableSystemClockv
                0x08000aa4       0x70 .pio\build\genericSTM32F303CB\lib9bc\libesc.a(initializations.o)
                0x08000aa4                enableSystemClock()
 .text._Z15configureClocksv
                0x08000b14       0x70 .pio\build\genericSTM32F303CB\lib9bc\libesc.a(initializations.o)
                0x08000b14                configureClocks()
 .text._Z9enableFPUv
                0x08000b84       0x24 .pio\build\genericSTM32F303CB\lib9bc\libesc.a(initializations.o)
                0x08000b84                enableFPU()
 .text._Z18LEDStartupSequencev
                0x08000ba8       0xa4 .pio\build\genericSTM32F303CB\lib9bc\libesc.a(initializations.o)
                0x08000ba8                LEDStartupSequence()
 .text._Z13configureLEDsv
                0x08000c4c       0x48 .pio\build\genericSTM32F303CB\lib9bc\libesc.a(initializations.o)
                0x08000c4c                configureLEDs()
 .text._Z9enablePWMv
                0x08000c94       0xf0 .pio\build\genericSTM32F303CB\lib9bc\libesc.a(initializations.o)
                0x08000c94                enablePWM()
 .text._Z12configurePWMv
                0x08000d84      0x148 .pio\build\genericSTM32F303CB\lib9bc\libesc.a(initializations.o)
                0x08000d84                configurePWM()
 .text._Z12configureADCv
                0x08000ecc      0x194 .pio\build\genericSTM32F303CB\lib9bc\libesc.a(initializations.o)
                0x08000ecc                configureADC()
 .text._Z19configureInterruptsv
                0x08001060       0x48 .pio\build\genericSTM32F303CB\lib9bc\libesc.a(initializations.o)
                0x08001060                configureInterrupts()
 .text.__libc_init_array
                0x080010a8       0x48 c:/users/ryanf/.platformio/packages/toolchain-gccarmnoneeabi/bin/../lib/gcc/arm-none-eabi/7.2.1/../../../../arm-none-eabi/lib/thumb/v7e-m\libc_nano.a(lib_a-init.o)
                0x080010a8                __libc_init_array
 *(.glue_7)
 .glue_7        0x080010f0        0x0 linker stubs
 *(.glue_7t)
 .glue_7t       0x080010f0        0x0 linker stubs
 *(.eh_frame)
 .eh_frame      0x080010f0        0x0 c:/users/ryanf/.platformio/packages/toolchain-gccarmnoneeabi/bin/../lib/gcc/arm-none-eabi/7.2.1/thumb/v7e-m/crtbegin.o
 *(.init)
 .init          0x080010f0        0x4 c:/users/ryanf/.platformio/packages/toolchain-gccarmnoneeabi/bin/../lib/gcc/arm-none-eabi/7.2.1/thumb/v7e-m/crti.o
                0x080010f0                _init
 .init          0x080010f4        0x8 c:/users/ryanf/.platformio/packages/toolchain-gccarmnoneeabi/bin/../lib/gcc/arm-none-eabi/7.2.1/thumb/v7e-m/crtn.o
 *(.fini)
 .fini          0x080010fc        0x4 c:/users/ryanf/.platformio/packages/toolchain-gccarmnoneeabi/bin/../lib/gcc/arm-none-eabi/7.2.1/thumb/v7e-m/crti.o
                0x080010fc                _fini
 .fini          0x08001100        0x8 c:/users/ryanf/.platformio/packages/toolchain-gccarmnoneeabi/bin/../lib/gcc/arm-none-eabi/7.2.1/thumb/v7e-m/crtn.o
                0x08001108                . = ALIGN (0x4)
                0x08001108                _etext = .

.vfp11_veneer   0x08001108        0x0
 .vfp11_veneer  0x08001108        0x0 linker stubs

.v4_bx          0x08001108        0x0
 .v4_bx         0x08001108        0x0 linker stubs

.iplt           0x08001108        0x0
 .iplt          0x08001108        0x0 c:/users/ryanf/.platformio/packages/toolchain-gccarmnoneeabi/bin/../lib/gcc/arm-none-eabi/7.2.1/thumb/v7e-m/crtbegin.o

.rodata         0x08001108     0x1000
                0x08001108                . = ALIGN (0x4)
 *(.rodata)
 *(.rodata*)
 .rodata._ZL8sinTable
                0x08001108     0x1000 .pio\build\genericSTM32F303CB\lib9bc\libesc.a(control.o)
                0x08002108                . = ALIGN (0x4)

.rel.dyn        0x08002108        0x0
 .rel.iplt      0x08002108        0x0 c:/users/ryanf/.platformio/packages/toolchain-gccarmnoneeabi/bin/../lib/gcc/arm-none-eabi/7.2.1/thumb/v7e-m/crtbegin.o

.ARM.extab      0x08002108        0x0
                0x08002108                . = ALIGN (0x4)
 *(.ARM.extab* .gnu.linkonce.armextab.*)
                0x08002108                . = ALIGN (0x4)

.ARM            0x08002108        0x0
                0x08002108                . = ALIGN (0x4)
                0x08002108                __exidx_start = .
 *(.ARM.exidx*)
                0x08002108                __exidx_end = .
                0x08002108                . = ALIGN (0x4)

.preinit_array  0x08002108        0x0
                0x08002108                . = ALIGN (0x4)
                0x08002108                PROVIDE (__preinit_array_start, .)
 *(.preinit_array*)
                0x08002108                PROVIDE (__preinit_array_end, .)
                0x08002108                . = ALIGN (0x4)

.init_array     0x08002108        0x8
                0x08002108                . = ALIGN (0x4)
                0x08002108                PROVIDE (__init_array_start, .)
 *(SORT_BY_NAME(.init_array.*))
 *(.init_array*)
 .init_array    0x08002108        0x4 c:/users/ryanf/.platformio/packages/toolchain-gccarmnoneeabi/bin/../lib/gcc/arm-none-eabi/7.2.1/thumb/v7e-m/crtbegin.o
 .init_array    0x0800210c        0x4 .pio\build\genericSTM32F303CB\lib9bc\libesc.a(control.o)
                0x08002110                PROVIDE (__init_array_end, .)
                0x08002110                . = ALIGN (0x4)

.fini_array     0x08002110        0x4
                0x08002110                . = ALIGN (0x4)
                [!provide]                PROVIDE (__fini_array_start, .)
 *(SORT_BY_NAME(.fini_array.*))
 *(.fini_array*)
 .fini_array    0x08002110        0x4 c:/users/ryanf/.platformio/packages/toolchain-gccarmnoneeabi/bin/../lib/gcc/arm-none-eabi/7.2.1/thumb/v7e-m/crtbegin.o
                [!provide]                PROVIDE (__fini_array_end, .)
                0x08002114                . = ALIGN (0x4)
                0x08002114                _sidata = LOADADDR (.data)

.data           0x20000000        0x0 load address 0x08002114
                0x20000000                . = ALIGN (0x4)
                0x20000000                _sdata = .
 *(.data)
 *(.data*)
 *(.RamFunc)
 *(.RamFunc*)
                0x20000000                . = ALIGN (0x4)
                0x20000000                _edata = .
                0x08002114                _siccmram = LOADADDR (.ccmram)

.igot.plt       0x20000000        0x0 load address 0x08002114
 .igot.plt      0x20000000        0x0 c:/users/ryanf/.platformio/packages/toolchain-gccarmnoneeabi/bin/../lib/gcc/arm-none-eabi/7.2.1/thumb/v7e-m/crtbegin.o

.ccmram         0x10000000        0x0 load address 0x08002114
                0x10000000                . = ALIGN (0x4)
                0x10000000                _sccmram = .
 *(.ccmram)
 *(.ccmram*)
                0x10000000                . = ALIGN (0x4)
                0x10000000                _eccmram = .
                0x10000000                . = ALIGN (0x4)

.bss            0x20000000       0xec
                0x20000000                _sbss = .
                0x20000000                __bss_start__ = _sbss
 *(.bss)
 .bss           0x20000000       0x1c c:/users/ryanf/.platformio/packages/toolchain-gccarmnoneeabi/bin/../lib/gcc/arm-none-eabi/7.2.1/thumb/v7e-m/crtbegin.o
 *(.bss*)
 .bss.count     0x2000001c        0x4 .pio\build\genericSTM32F303CB\src\interrupt_handlers.o
                0x2000001c                count
 .bss.I         0x20000020        0xc .pio\build\genericSTM32F303CB\lib9bc\libesc.a(control.o)
                0x20000020                I
 .bss.I_offset  0x2000002c        0xc .pio\build\genericSTM32F303CB\lib9bc\libesc.a(control.o)
                0x2000002c                I_offset
 .bss.IdController
                0x20000038       0x18 .pio\build\genericSTM32F303CB\lib9bc\libesc.a(control.o)
                0x20000038                IdController
 .bss.IqController
                0x20000050       0x18 .pio\build\genericSTM32F303CB\lib9bc\libesc.a(control.o)
                0x20000050                IqController
 .bss.Irot      0x20000068        0x8 .pio\build\genericSTM32F303CB\lib9bc\libesc.a(control.o)
                0x20000068                Irot
 .bss.Istat     0x20000070        0x8 .pio\build\genericSTM32F303CB\lib9bc\libesc.a(control.o)
                0x20000070                Istat
 .bss.MotionProfiler
                0x20000078       0x1c .pio\build\genericSTM32F303CB\lib9bc\libesc.a(control.o)
                0x20000078                MotionProfiler
 .bss.V         0x20000094        0xc .pio\build\genericSTM32F303CB\lib9bc\libesc.a(control.o)
                0x20000094                V
 .bss.VelocityFBController
                0x200000a0       0x18 .pio\build\genericSTM32F303CB\lib9bc\libesc.a(control.o)
                0x200000a0                VelocityFBController
 .bss.VelocityFFController
                0x200000b8        0x8 .pio\build\genericSTM32F303CB\lib9bc\libesc.a(control.o)
                0x200000b8                VelocityFFController
 .bss.Vrot      0x200000c0        0x8 .pio\build\genericSTM32F303CB\lib9bc\libesc.a(control.o)
                0x200000c0                Vrot
 .bss.Vstat     0x200000c8        0x8 .pio\build\genericSTM32F303CB\lib9bc\libesc.a(control.o)
                0x200000c8                Vstat
 .bss._ZL3cos   0x200000d0        0x4 .pio\build\genericSTM32F303CB\lib9bc\libesc.a(control.o)
 .bss._ZL3sin   0x200000d4        0x4 .pio\build\genericSTM32F303CB\lib9bc\libesc.a(control.o)
 .bss.angle     0x200000d8        0x4 .pio\build\genericSTM32F303CB\lib9bc\libesc.a(control.o)
                0x200000d8                angle
 .bss.frameCount
                0x200000dc        0x4 .pio\build\genericSTM32F303CB\lib9bc\libesc.a(control.o)
                0x200000dc                frameCount
 .bss.signals   0x200000e0        0xc .pio\build\genericSTM32F303CB\lib9bc\libesc.a(control.o)
                0x200000e0                signals
 *(COMMON)
                0x200000ec                . = ALIGN (0x4)
                0x200000ec                _ebss = .
                0x200000ec                __bss_end__ = _ebss

._user_heap_stack
                0x200000ec      0x604
                0x200000f0                . = ALIGN (0x8)
 *fill*         0x200000ec        0x4 
                [!provide]                PROVIDE (end, .)
                [!provide]                PROVIDE (_end, .)
                0x200002f0                . = (. + _Min_Heap_Size)
 *fill*         0x200000f0      0x200 
                0x200006f0                . = (. + _Min_Stack_Size)
 *fill*         0x200002f0      0x400 
                0x200006f0                . = ALIGN (0x8)

/DISCARD/
 libc.a(*)
 libm.a(*)
 libgcc.a(*)

.ARM.attributes
                0x00000000       0x2a
 *(.ARM.attributes)
 .ARM.attributes
                0x00000000       0x1e c:/users/ryanf/.platformio/packages/toolchain-gccarmnoneeabi/bin/../lib/gcc/arm-none-eabi/7.2.1/thumb/v7e-m/crti.o
 .ARM.attributes
                0x0000001e       0x2e c:/users/ryanf/.platformio/packages/toolchain-gccarmnoneeabi/bin/../lib/gcc/arm-none-eabi/7.2.1/thumb/v7e-m/crtbegin.o
 .ARM.attributes
                0x0000004c       0x21 .pio\build\genericSTM32F303CB\FrameworkCMSIS\gcc\startup_stm32f303xc.o
 .ARM.attributes
                0x0000006d       0x33 .pio\build\genericSTM32F303CB\FrameworkCMSIS\system_stm32f3xx.o
 .ARM.attributes
                0x000000a0       0x33 .pio\build\genericSTM32F303CB\src\interrupt_handlers.o
 .ARM.attributes
                0x000000d3       0x33 .pio\build\genericSTM32F303CB\src\main.o
 .ARM.attributes
                0x00000106       0x33 .pio\build\genericSTM32F303CB\lib9bc\libesc.a(control.o)
 .ARM.attributes
                0x00000139       0x33 .pio\build\genericSTM32F303CB\lib9bc\libesc.a(initializations.o)
 .ARM.attributes
                0x0000016c       0x1e c:/users/ryanf/.platformio/packages/toolchain-gccarmnoneeabi/bin/../lib/gcc/arm-none-eabi/7.2.1/thumb/v7e-m\libgcc.a(_arm_addsubsf3.o)
 .ARM.attributes
                0x0000018a       0x1e c:/users/ryanf/.platformio/packages/toolchain-gccarmnoneeabi/bin/../lib/gcc/arm-none-eabi/7.2.1/thumb/v7e-m\libgcc.a(_arm_muldivsf3.o)
 .ARM.attributes
                0x000001a8       0x1e c:/users/ryanf/.platformio/packages/toolchain-gccarmnoneeabi/bin/../lib/gcc/arm-none-eabi/7.2.1/thumb/v7e-m\libgcc.a(_arm_fixsfsi.o)
 .ARM.attributes
                0x000001c6       0x1e c:/users/ryanf/.platformio/packages/toolchain-gccarmnoneeabi/bin/../lib/gcc/arm-none-eabi/7.2.1/thumb/v7e-m\libgcc.a(_arm_fixunssfsi.o)
 .ARM.attributes
                0x000001e4       0x2e c:/users/ryanf/.platformio/packages/toolchain-gccarmnoneeabi/bin/../lib/gcc/arm-none-eabi/7.2.1/../../../../arm-none-eabi/lib/thumb/v7e-m\libc_nano.a(lib_a-init.o)
 .ARM.attributes
                0x00000212       0x1e c:/users/ryanf/.platformio/packages/toolchain-gccarmnoneeabi/bin/../lib/gcc/arm-none-eabi/7.2.1/thumb/v7e-m/crtn.o
OUTPUT(.pio\build\genericSTM32F303CB\firmware.elf elf32-littlearm)

.comment        0x00000000       0x7e
 .comment       0x00000000       0x7e .pio\build\genericSTM32F303CB\FrameworkCMSIS\system_stm32f3xx.o
                                 0x7f (size before relaxing)
 .comment       0x0000007e       0x7f .pio\build\genericSTM32F303CB\src\interrupt_handlers.o
 .comment       0x0000007e       0x7f .pio\build\genericSTM32F303CB\src\main.o
 .comment       0x0000007e       0x7f .pio\build\genericSTM32F303CB\lib9bc\libesc.a(control.o)
 .comment       0x0000007e       0x7f .pio\build\genericSTM32F303CB\lib9bc\libesc.a(initializations.o)

.debug_frame    0x00000000       0xf8
 .debug_frame   0x00000000       0x4c c:/users/ryanf/.platformio/packages/toolchain-gccarmnoneeabi/bin/../lib/gcc/arm-none-eabi/7.2.1/thumb/v7e-m\libgcc.a(_arm_addsubsf3.o)
 .debug_frame   0x0000004c       0x38 c:/users/ryanf/.platformio/packages/toolchain-gccarmnoneeabi/bin/../lib/gcc/arm-none-eabi/7.2.1/thumb/v7e-m\libgcc.a(_arm_muldivsf3.o)
 .debug_frame   0x00000084       0x24 c:/users/ryanf/.platformio/packages/toolchain-gccarmnoneeabi/bin/../lib/gcc/arm-none-eabi/7.2.1/thumb/v7e-m\libgcc.a(_arm_fixsfsi.o)
 .debug_frame   0x000000a8       0x24 c:/users/ryanf/.platformio/packages/toolchain-gccarmnoneeabi/bin/../lib/gcc/arm-none-eabi/7.2.1/thumb/v7e-m\libgcc.a(_arm_fixunssfsi.o)
 .debug_frame   0x000000cc       0x2c c:/users/ryanf/.platformio/packages/toolchain-gccarmnoneeabi/bin/../lib/gcc/arm-none-eabi/7.2.1/../../../../arm-none-eabi/lib/thumb/v7e-m\libc_nano.a(lib_a-init.o)
